
                             COORD:COOR1 PI: I  COORD:COOR1 PI: I  COORD:COOR2 PI: I  COORD:COOR2 PI: I  COORD:COOR3 PI: I  COORD:COOR3 PI: I
                  X              NST-1 N: 3        NST-1 N: 17         NST-1 N: 3        NST-1 N: 17         NST-1 N: 3        NST-1 N: 17   

               19.E+03          -485.296E-06       -585.296E-06         51.2632E-06        51.2632E-06       125.E-06           125.E-06     
               20.E+03          -485.296E-06       -585.296E-06         51.2632E-06        51.2632E-06       125.E-06           125.E-06     





                             COORD:COOR1 PI: I  COORD:COOR1 PI: I  COORD:COOR2 PI: I  COORD:COOR2 PI: I  COORD:COOR3 PI: I  COORD:COOR3 PI: I
                  X              NST-1 N: 3        NST-1 N: 17         NST-1 N: 3        NST-1 N: 17         NST-1 N: 3        NST-1 N: 17   

               19.E+03          -485.296E-06       -585.296E-06         51.2632E-06        51.2632E-06       125.E-06           125.E-06     
               20.E+03          -485.296E-06       -585.296E-06         51.2632E-06        51.2632E-06       125.E-06           125.E-06     





                             COORD:COOR1 PI: I  COORD:COOR1 PI: I  COORD:COOR2 PI: I  COORD:COOR2 PI: I  COORD:COOR3 PI: I  COORD:COOR3 PI: I
                  X              NST-1 N: 3        NST-1 N: 17         NST-1 N: 3        NST-1 N: 17         NST-1 N: 3        NST-1 N: 17   

               19.E+03          -485.296E-06       -585.296E-06         51.2632E-06        51.2632E-06       125.E-06           125.E-06     
               20.E+03          -485.296E-06       -585.296E-06         51.2632E-06        51.2632E-06       125.E-06           125.E-06     




